[www.vliferoleplay.fr/index.html]
[backblue.gif]
[fade.gif]
[index.html]
[cdn.vliferoleplay.fr/logo/favicon.png]
[www.vliferoleplay.fr/assets/img/favicon/apple-touch-icon.png]
[www.vliferoleplay.fr/assets/img/favicon/favicon-32x32.png]
[www.vliferoleplay.fr/assets/img/favicon/favicon-16x16.png]
[www.vliferoleplay.fr/assets/img/favicon/site.webmanifest]
[www.vliferoleplay.fr/assets/img/favicon/safari-pinned-tab.svg]
[www.vliferoleplay.fr/assets/img/favicon/favicon.ico]
[www.vliferoleplay.fr/assets/img/favicon/browserconfig.xml]
[www.vliferoleplay.fr/assets/vendor/bootstrap/css/bootstrap.min.css]
[www.vliferoleplay.fr/assets/vendor/venobox/venobox.css]
[www.vliferoleplay.fr/assets/vendor/owl.carousel/assets/owl.carousel.min.css]
[www.vliferoleplay.fr/assets/vendor/aos/aos.css]
[www.vliferoleplay.fr/assets/css/style.css]
[www.vliferoleplay.fr/assets/css/cookiealert.css]
[www.vliferoleplay.fr/index-2.html]
[www.vliferoleplay.fr/recrutement/index.html]
[www.vliferoleplay.fr/partenaire.html]
[cdn.discordapp.com/attachments/568461477405655081/827879638277554203/2021-03-28_5.png]
[cdn.discordapp.com/attachments/432167703453761537/912613854423420928/unknown.png]
[www.vliferoleplay.fr/assets/img/clients/client-1.png]
[cdn.discordapp.com/attachments/432167703453761537/1049134867566317588/brocloud_white.png]
[www.vliferoleplay.fr/assets/img/clients/client-3.png]
[www.vliferoleplay.fr/assets/img/clients/client-8.png]
[cdn.discordapp.com/attachments/732292608193331290/949056385621041172/faviconwhite.png]
[www.vliferoleplay.fr/assets/img/clients/client-6.png]
[www.vliferoleplay.fr/assets/img/portfolio/portfolio-4.jpg]
[www.vliferoleplay.fr/assets/img/portfolio/portfolio-4.png]
[www.vliferoleplay.fr/assets/img/portfolio/portfolio-7.jpg]
[www.vliferoleplay.fr/assets/img/portfolio/portfolio-7.png]
[www.vliferoleplay.fr/assets/img/portfolio/portfolio-5.jpg]
[www.vliferoleplay.fr/assets/img/portfolio/portfolio-5.png]
[www.vliferoleplay.fr/assets/img/portfolio/portfolio-1.jpg]
[www.vliferoleplay.fr/assets/img/portfolio/portfolio-1.png]
[www.vliferoleplay.fr/assets/img/portfolio/portfolio-8.jpg]
[www.vliferoleplay.fr/assets/img/portfolio/portfolio-8.png]
[www.vliferoleplay.fr/assets/img/portfolio/portfolio-6.jpg]
[www.vliferoleplay.fr/assets/img/portfolio/portfolio-6.png]
[www.vliferoleplay.fr/assets/img/portfolio/portfolio-2.jpg]
[www.vliferoleplay.fr/assets/img/portfolio/portfolio-2.png]
[www.vliferoleplay.fr/assets/img/portfolio/portfolio-3.jpg]
[www.vliferoleplay.fr/assets/img/portfolio/portfolio-3.png]
[www.vliferoleplay.fr/assets/img/portfolio/portfolio-9.jpg]
[www.vliferoleplay.fr/assets/img/portfolio/portfolio-9.png]
[www.vliferoleplay.fr/assets/img/team/team-9.jpg]
[www.vliferoleplay.fr/assets/img/team/team-12.png]
[static.copyrighted.com/badges/125x25/01_2.png]
[static.copyrighted.com/badges/helper.js]
[www.vliferoleplay.fr/mentions.html]
[www.vliferoleplay.fr/assets/js/cookiealert.js]
[www.vliferoleplay.fr/assets/vendor/jquery/jquery.min.js]
[www.vliferoleplay.fr/assets/vendor/bootstrap/js/bootstrap.bundle.min.js]
[www.vliferoleplay.fr/assets/vendor/jquery.easing/jquery.easing.min.js]
[www.vliferoleplay.fr/assets/vendor/php-email-form/validate.js]
[www.vliferoleplay.fr/assets/vendor/waypoints/jquery.waypoints.min.js]
[www.vliferoleplay.fr/assets/vendor/isotope-layout/isotope.pkgd.min.js]
[www.vliferoleplay.fr/assets/vendor/venobox/venobox.min.js]
[www.vliferoleplay.fr/assets/vendor/owl.carousel/owl.carousel.min.js]
[www.vliferoleplay.fr/assets/vendor/aos/aos.js]
[www.vliferoleplay.fr/assets/js/main.js]
[cdn.discordapp.com/attachments/570361808452321320/1049448666345259038/20221205230105_1.png]
[cdn.discordapp.com/attachments/570361808452321320/1056707104024567858/20221225233645_1.jpg]
[cdn.discordapp.com/attachments/570361808452321320/1041669321899900999/20221114111520_1.jpg]
[cdn.discordapp.com/attachments/570361808452321320/1040392669723119716/20221110232651_1.jpg]
[www.vliferoleplay.fr/index.html]
[www.vliferoleplay.fr/assets/img/favicon/safari-pinned-tab.svg]
[www.vliferoleplay.fr/assets/vendor/bootstrap/css/bootstrap.min.css]
[www.vliferoleplay.fr/assets/vendor/venobox/venobox.css]
[www.vliferoleplay.fr/assets/vendor/owl.carousel/assets/owl.video.play.png]
[www.vliferoleplay.fr/assets/vendor/owl.carousel/assets/owl.carousel.min.css]
[www.vliferoleplay.fr/assets/vendor/aos/aos.css]
[www.vliferoleplay.fr/assets/img/back2.png]
[www.vliferoleplay.fr/assets/img/footer.jpg]
[www.vliferoleplay.fr/assets/img/background.png]
[www.vliferoleplay.fr/assets/css/style.css]
[www.vliferoleplay.fr/assets/css/cookiealert.css]
[www.vliferoleplay.fr/index-2.html]
[www.vliferoleplay.fr/assets/vendor/icofont/icofont.min.css]
[www.vliferoleplay.fr/assets/vendor/font-awesome/css/all.min.css]
[www.vliferoleplay.fr/recrutement/assets/css/formulaire.css]
[www.vliferoleplay.fr/assets/vendor/font-awesome/js/all.js]
[cdnjs.cloudflare.com/ajax/libs/x-editable/1.5.1/bootstrap3-editable/css/bootstrap-editable.css]
[cdnjs.cloudflare.com/ajax/libs/jquery/3.3.1/jquery.min.js]
[www.vliferoleplay.fr/recrutement/assets/bootstrap3-editable/js/bootstrap-editable.min.js]
[www.vliferoleplay.fr/admin/assets/js/plugins/bililiteRange.js]
[www.vliferoleplay.fr/admin/assets/js/plugins/jquery.simulate.js]
[www.vliferoleplay.fr/admin/assets/js/plugins/jquery-ui.custom.min.js]
[www.vliferoleplay.fr/admin/assets/js/plugins/jquery.simulate.key-sequence.js]
[www.vliferoleplay.fr/assets/js/jquery-persist.js]
[www.vliferoleplay.fr/recrutement/index.html]
[www.vliferoleplay.fr/recrutement/inc/appoint.html]
[cdn.discordapp.com/attachments/725378398523883672/992778302462898226/120120.png]
[www.vliferoleplay.fr/partenaire.html]
[www.vliferoleplay.fr/index456e.html]
[www.vliferoleplay.fr/assets/img/hero-img.html]
[www.vliferoleplay.fr/assets/img/team/team-1.html]
[www.vliferoleplay.fr/assets/img/team/team-3.html]
[www.vliferoleplay.fr/assets/img/team/team-5.html]
[www.vliferoleplay.fr/assets/img/team/team-6.html]
[www.vliferoleplay.fr/assets/img/team/team-8.html]
[www.vliferoleplay.fr/assets/img/team/team-12.html]
[www.vliferoleplay.fr/assets/img/team/team-4.html]
[www.vliferoleplay.fr/assets/img/team/team-9.html]
[www.vliferoleplay.fr/assets/img/team/team-10.html]
[www.vliferoleplay.fr/assets/img/team/team-11.html]
[www.vliferoleplay.fr/assets/img/team/team-13.html]
[www.vliferoleplay.fr/assets/img/team/team-15.html]
[www.vliferoleplay.fr/www.vliferoleplay.fr]
[www.vliferoleplay.fr/cdn-cgi/l/email-protection.html]
[www.vliferoleplay.fr/mentions.html]
[www.vliferoleplay.fr/assets/img/background.html]
[www.vliferoleplay.fr/assets/img/cta-bg.html]
[www.vliferoleplay.fr/assets/img/cta-bg2.html]
[www.vliferoleplay.fr/assets/img/cta-bg3.html]
[www.vliferoleplay.fr/cdn-cgi/scripts/5c5dd728/cloudflare-static/email-decode.min.js]
[www.vliferoleplay.fr/assets/vendor/icofont/fonts/icofont.woff2]
[www.vliferoleplay.fr/assets/vendor/icofont/fonts/icofont.woff]
[www.vliferoleplay.fr/assets/vendor/icofont/icofont.min.css]
[www.vliferoleplay.fr/assets/vendor/font-awesome/webfonts/fa-brands-400.woff2]
[www.vliferoleplay.fr/assets/vendor/font-awesome/webfonts/fa-brands-400.woff]
[www.vliferoleplay.fr/assets/vendor/font-awesome/webfonts/fa-brands-400.ttf]
[www.vliferoleplay.fr/assets/vendor/font-awesome/webfonts/fa-duotone-900.woff2]
[www.vliferoleplay.fr/assets/vendor/font-awesome/webfonts/fa-duotone-900.woff]
[www.vliferoleplay.fr/assets/vendor/font-awesome/webfonts/fa-light-300.woff2]
[www.vliferoleplay.fr/assets/vendor/font-awesome/webfonts/fa-duotone-900.ttf]
[www.vliferoleplay.fr/assets/vendor/font-awesome/webfonts/fa-light-300.woff]
[www.vliferoleplay.fr/assets/vendor/font-awesome/webfonts/fa-regular-400.woff2]
[www.vliferoleplay.fr/assets/vendor/font-awesome/webfonts/fa-regular-400.woff]
[www.vliferoleplay.fr/assets/vendor/font-awesome/webfonts/fa-light-300.ttf]
[www.vliferoleplay.fr/assets/vendor/font-awesome/webfonts/fa-solid-900.woff2]
[www.vliferoleplay.fr/assets/vendor/font-awesome/webfonts/fa-regular-400.ttf]
[www.vliferoleplay.fr/assets/vendor/font-awesome/webfonts/fa-solid-900.woff]
[www.vliferoleplay.fr/assets/vendor/font-awesome/webfonts/fa-solid-900.ttf]
[www.vliferoleplay.fr/assets/vendor/font-awesome/webfonts/fa-thin-100.woff2]
[www.vliferoleplay.fr/assets/vendor/font-awesome/webfonts/fa-thin-100.woff]
[www.vliferoleplay.fr/assets/vendor/font-awesome/css/all.min.css]
[www.vliferoleplay.fr/recrutement/assets/css/formulaire.css]
[cdnjs.cloudflare.com/ajax/libs/x-editable/1.5.1/bootstrap3-editable/img/loading.gif]
[www.vliferoleplay.fr/assets/vendor/font-awesome/webfonts/fa-thin-100.ttf]
[cdnjs.cloudflare.com/ajax/libs/x-editable/1.5.1/bootstrap3-editable/img/clear.png]
[cdnjs.cloudflare.com/ajax/libs/x-editable/1.5.1/bootstrap3-editable/css/bootstrap-editable.css]
[www.vliferoleplay.fr/recrutement/inc/inc/appoint.php]
[www.vliferoleplay.fr/recrutement/inc/appoint.html]
[www.vliferoleplay.fr/www.vliferoleplay.html]
[www.vliferoleplay.fr/cdn-cgi/l/email-protection.html]
[www.vliferoleplay.fr/recrutement/inc/inc/appoint.html]
